{"group": "core24", "id": "cause", "error": null, "claims": 1, "seconds": 5.0}
{"group": "core24", "id": "withdrawn", "error": null, "claims": 1, "seconds": 3.81}
{"group": "core24", "id": "followup", "error": null, "claims": 1, "seconds": 10.69}
{"group": "core24", "id": "release", "error": null, "claims": 1, "seconds": 7.01}
{"group": "core24", "id": "no_information", "error": null, "claims": 0, "seconds": 0.01}
{"group": "core24", "id": "restricted", "error": null, "claims": 0, "seconds": 0.0}
{"group": "core24", "id": "business_01", "error": null, "claims": 1, "seconds": 3.85}
{"group": "core24", "id": "business_02", "error": null, "claims": 1, "seconds": 3.18}
{"group": "core24", "id": "business_03", "error": null, "claims": 1, "seconds": 17.18}
{"group": "core24", "id": "business_04", "error": null, "claims": 1, "seconds": 2.7}
{"group": "core24", "id": "business_05", "error": null, "claims": 1, "seconds": 3.51}
{"group": "core24", "id": "business_06", "error": null, "claims": 1, "seconds": 3.1}
{"group": "core24", "id": "business_07", "error": null, "claims": 1, "seconds": 3.63}
{"group": "core24", "id": "business_08", "error": null, "claims": 1, "seconds": 3.41}
{"group": "core24", "id": "business_09", "error": null, "claims": 1, "seconds": 3.9}
{"group": "core24", "id": "business_11", "error": null, "claims": 1, "seconds": 3.51}
{"group": "core24", "id": "business_12", "error": null, "claims": 1, "seconds": 6.24}
{"group": "core24", "id": "business_13", "error": null, "claims": 1, "seconds": 5.35}
{"group": "core24", "id": "business_16", "error": null, "claims": 1, "seconds": 3.86}
{"group": "core24", "id": "business_17", "error": null, "claims": 1, "seconds": 3.57}
{"group": "core24", "id": "business_21", "error": null, "claims": 1, "seconds": 2.81}
{"group": "core24", "id": "business_22", "error": null, "claims": 1, "seconds": 7.32}
{"group": "core24", "id": "business_31", "error": null, "claims": 1, "seconds": 4.25}
{"group": "core24", "id": "business_32", "error": null, "claims": 1, "seconds": 12.41}
{"group": "known12", "id": "holdout_01", "error": null, "claims": 2, "seconds": 11.55}
{"group": "known12", "id": "holdout_02", "error": "ModelOutputRejected", "claims": 0, "seconds": 37.78}
{"group": "known12", "id": "holdout_03", "error": null, "claims": 0, "seconds": 2.43}
{"group": "known12", "id": "holdout_04", "error": null, "claims": 0, "seconds": 0.01}
{"group": "known12", "id": "holdout_05", "error": null, "claims": 0, "seconds": 0.01}
{"group": "known12", "id": "holdout_06", "error": null, "claims": 1, "seconds": 5.36}
{"group": "known12", "id": "holdout_07", "error": null, "claims": 0, "seconds": 4.09}
{"group": "known12", "id": "holdout_08", "error": null, "claims": 0, "seconds": 2.19}
{"group": "known12", "id": "holdout_09", "error": null, "claims": 0, "seconds": 2.23}
{"group": "known12", "id": "holdout_10", "error": null, "claims": 0, "seconds": 2.79}
{"group": "known12", "id": "holdout_11", "error": null, "claims": 0, "seconds": 7.73}
{"group": "known12", "id": "holdout_12", "error": "SourceUnavailable", "claims": 0, "seconds": 0.02}
