..................................../opt/homebrew/Cellar/python@3.14/3.14.7/Frameworks/Python.framework/Versions/3.14/lib/python3.14/unittest/mock.py:806: ResourceWarning: unclosed database in <sqlite3.Connection object at 0x10a2f5e40>
  def __setattr__(self, name, value):
ResourceWarning: Enable tracemalloc to get the object allocation traceback
....................................................................................................................................................................................................................................................{"status": "failed"}
Drive: reused read-only authorization and verified native account.
.................................................................................../Users/kyle/Projects/TencentHackthon202609/AI-Bang2/brain/retrieval.py:28: ResourceWarning: unclosed database in <sqlite3.Connection object at 0x10b5fdf30>
  return {ALIASES.get(t, t) for t in words if t not in STOP}
ResourceWarning: Enable tracemalloc to get the object allocation traceback
/Users/kyle/Projects/TencentHackthon202609/AI-Bang2/brain/retrieval.py:28: ResourceWarning: unclosed database in <sqlite3.Connection object at 0x10b5fdc60>
  return {ALIASES.get(t, t) for t in words if t not in STOP}
ResourceWarning: Enable tracemalloc to get the object allocation traceback
/Users/kyle/Projects/TencentHackthon202609/AI-Bang2/brain/retrieval.py:28: ResourceWarning: unclosed database in <sqlite3.Connection object at 0x10b5fd5d0>
  return {ALIASES.get(t, t) for t in words if t not in STOP}
ResourceWarning: Enable tracemalloc to get the object allocation traceback
/Users/kyle/Projects/TencentHackthon202609/AI-Bang2/brain/retrieval.py:28: ResourceWarning: unclosed database in <sqlite3.Connection object at 0x10b5fd990>
  return {ALIASES.get(t, t) for t in words if t not in STOP}
ResourceWarning: Enable tracemalloc to get the object allocation traceback
.................................................................................
----------------------------------------------------------------------
Ran 444 tests in 24.566s

OK
{"status": "failed", "checks": {}}
