..................................../opt/homebrew/Cellar/python@3.14/3.14.7/Frameworks/Python.framework/Versions/3.14/lib/python3.14/unittest/mock.py:498: ResourceWarning: unclosed database in <sqlite3.Connection object at 0x10a399e40>
  __dict__['method_calls'] = _CallList()
ResourceWarning: Enable tracemalloc to get the object allocation traceback
....................................................................................................................................................................................................................................................{"status": "failed"}
Drive: reused read-only authorization and verified native account.
.................................................................................../Users/kyle/Projects/TencentHackthon202609/AI-Bang2/brain/retrieval.py:28: ResourceWarning: unclosed database in <sqlite3.Connection object at 0x10b6c5f30>
  return {ALIASES.get(t, t) for t in words if t not in STOP}
ResourceWarning: Enable tracemalloc to get the object allocation traceback
/Users/kyle/Projects/TencentHackthon202609/AI-Bang2/brain/retrieval.py:28: ResourceWarning: unclosed database in <sqlite3.Connection object at 0x10b6c5c60>
  return {ALIASES.get(t, t) for t in words if t not in STOP}
ResourceWarning: Enable tracemalloc to get the object allocation traceback
/Users/kyle/Projects/TencentHackthon202609/AI-Bang2/brain/retrieval.py:28: ResourceWarning: unclosed database in <sqlite3.Connection object at 0x10b6c5300>
  return {ALIASES.get(t, t) for t in words if t not in STOP}
ResourceWarning: Enable tracemalloc to get the object allocation traceback
/Users/kyle/Projects/TencentHackthon202609/AI-Bang2/brain/retrieval.py:28: ResourceWarning: unclosed database in <sqlite3.Connection object at 0x10b6c5990>
  return {ALIASES.get(t, t) for t in words if t not in STOP}
ResourceWarning: Enable tracemalloc to get the object allocation traceback
.................................................................................
----------------------------------------------------------------------
Ran 444 tests in 22.644s

OK
{"status": "failed", "checks": {}}
