..................................../opt/homebrew/Cellar/python@3.14/3.14.7/Frameworks/Python.framework/Versions/3.14/lib/python3.14/unittest/mock.py:495: ResourceWarning: unclosed database in <sqlite3.Connection object at 0x106269e40>
  __dict__['_mock_call_args_list'] = _CallList()
ResourceWarning: Enable tracemalloc to get the object allocation traceback
....................................................................................................................................................................................................................................................{"status": "failed"}
Drive: reused read-only authorization and verified native account.
..................................................................................../Users/kyle/Projects/TencentHackthon202609/AI-Bang2/brain/engine.py:126: ResourceWarning: unclosed database in <sqlite3.Connection object at 0x10755dc60>
  def _query(self, actor:Actor, question, history_id=None, *, rid, emit, observe, attempt):
ResourceWarning: Enable tracemalloc to get the object allocation traceback
/Users/kyle/Projects/TencentHackthon202609/AI-Bang2/brain/engine.py:126: ResourceWarning: unclosed database in <sqlite3.Connection object at 0x10755df30>
  def _query(self, actor:Actor, question, history_id=None, *, rid, emit, observe, attempt):
ResourceWarning: Enable tracemalloc to get the object allocation traceback
/Users/kyle/Projects/TencentHackthon202609/AI-Bang2/brain/engine.py:126: ResourceWarning: unclosed database in <sqlite3.Connection object at 0x10755d5d0>
  def _query(self, actor:Actor, question, history_id=None, *, rid, emit, observe, attempt):
ResourceWarning: Enable tracemalloc to get the object allocation traceback
/Users/kyle/Projects/TencentHackthon202609/AI-Bang2/brain/engine.py:126: ResourceWarning: unclosed database in <sqlite3.Connection object at 0x10755d8a0>
  def _query(self, actor:Actor, question, history_id=None, *, rid, emit, observe, attempt):
ResourceWarning: Enable tracemalloc to get the object allocation traceback
.................................................................................
----------------------------------------------------------------------
Ran 445 tests in 22.883s

OK
{"status": "failed", "checks": {}}
