................................../opt/homebrew/Cellar/python@3.14/3.14.7/Frameworks/Python.framework/Versions/3.14/lib/python3.14/unittest/mock.py:495: ResourceWarning: unclosed database in <sqlite3.Connection object at 0x106502020>
  __dict__['_mock_call_args_list'] = _CallList()
ResourceWarning: Enable tracemalloc to get the object allocation traceback
...................................................................................................................................................................................................................................................{"status": "failed"}
Drive: reused read-only authorization and verified native account.
................................................................................................................./opt/homebrew/Cellar/python@3.14/3.14.7/Frameworks/Python.framework/Versions/3.14/lib/python3.14/unittest/mock.py:2259: ResourceWarning: unclosed database in <sqlite3.Connection object at 0x106df3790>
  def __init__(self, name, parent):
ResourceWarning: Enable tracemalloc to get the object allocation traceback
/opt/homebrew/Cellar/python@3.14/3.14.7/Frameworks/Python.framework/Versions/3.14/lib/python3.14/unittest/mock.py:2259: ResourceWarning: unclosed database in <sqlite3.Connection object at 0x106df1f30>
  def __init__(self, name, parent):
ResourceWarning: Enable tracemalloc to get the object allocation traceback
/opt/homebrew/Cellar/python@3.14/3.14.7/Frameworks/Python.framework/Versions/3.14/lib/python3.14/unittest/mock.py:2259: ResourceWarning: unclosed database in <sqlite3.Connection object at 0x106f14a90>
  def __init__(self, name, parent):
ResourceWarning: Enable tracemalloc to get the object allocation traceback
/opt/homebrew/Cellar/python@3.14/3.14.7/Frameworks/Python.framework/Versions/3.14/lib/python3.14/unittest/mock.py:2259: ResourceWarning: unclosed database in <sqlite3.Connection object at 0x106f15210>
  def __init__(self, name, parent):
ResourceWarning: Enable tracemalloc to get the object allocation traceback
..............................................
----------------------------------------------------------------------
Ran 436 tests in 19.470s

OK
{"status": "failed", "checks": {}}
