/opt/homebrew/Cellar/python@3.14/3.14.7/Frameworks/Python.framework/Versions/3.14/lib/python3.14/unittest/mock.py:806: ResourceWarning: unclosed database in <sqlite3.Connection object at 0x10a5e9f30>
  def __setattr__(self, name, value):
ResourceWarning: Enable tracemalloc to get the object allocation traceback
{"status": "failed"}
Drive: reused read-only authorization and verified native account.
/opt/homebrew/Cellar/python@3.14/3.14.7/Frameworks/Python.framework/Versions/3.14/lib/python3.14/json/encoder.py:254: ResourceWarning: unclosed database in <sqlite3.Connection object at 0x10aecb6a0>
  _iterencode = c_make_encoder(
ResourceWarning: Enable tracemalloc to get the object allocation traceback
/opt/homebrew/Cellar/python@3.14/3.14.7/Frameworks/Python.framework/Versions/3.14/lib/python3.14/json/encoder.py:254: ResourceWarning: unclosed database in <sqlite3.Connection object at 0x10aecbf10>
  _iterencode = c_make_encoder(
ResourceWarning: Enable tracemalloc to get the object allocation traceback
/opt/homebrew/Cellar/python@3.14/3.14.7/Frameworks/Python.framework/Versions/3.14/lib/python3.14/json/encoder.py:254: ResourceWarning: unclosed database in <sqlite3.Connection object at 0x112125210>
  _iterencode = c_make_encoder(
ResourceWarning: Enable tracemalloc to get the object allocation traceback
/opt/homebrew/Cellar/python@3.14/3.14.7/Frameworks/Python.framework/Versions/3.14/lib/python3.14/json/encoder.py:254: ResourceWarning: unclosed database in <sqlite3.Connection object at 0x112124c70>
  _iterencode = c_make_encoder(
ResourceWarning: Enable tracemalloc to get the object allocation traceback
----------------------------------------------------------------------
Ran 435 tests in 19.314s

OK
{"status": "failed", "checks": {}}
