/opt/homebrew/Cellar/python@3.14/3.14.7/Frameworks/Python.framework/Versions/3.14/lib/python3.14/unittest/mock.py:806: ResourceWarning: unclosed database in <sqlite3.Connection object at 0x106712020>
  def __setattr__(self, name, value):
ResourceWarning: Enable tracemalloc to get the object allocation traceback
{"status": "failed"}
Drive: reused read-only authorization and verified native account.
/Users/kyle/Projects/TencentHackthon202609/AI-Bang2/brain/engine.py:124: ResourceWarning: unclosed database in <sqlite3.Connection object at 0x10e1fd7b0>
  def _query(self, actor:Actor, question, history_id=None, *, rid, emit, observe, attempt):
ResourceWarning: Enable tracemalloc to get the object allocation traceback
/Users/kyle/Projects/TencentHackthon202609/AI-Bang2/brain/engine.py:124: ResourceWarning: unclosed database in <sqlite3.Connection object at 0x10e1fda80>
  def _query(self, actor:Actor, question, history_id=None, *, rid, emit, observe, attempt):
ResourceWarning: Enable tracemalloc to get the object allocation traceback
/Users/kyle/Projects/TencentHackthon202609/AI-Bang2/brain/engine.py:124: ResourceWarning: unclosed database in <sqlite3.Connection object at 0x10e1fd120>
  def _query(self, actor:Actor, question, history_id=None, *, rid, emit, observe, attempt):
ResourceWarning: Enable tracemalloc to get the object allocation traceback
/Users/kyle/Projects/TencentHackthon202609/AI-Bang2/brain/engine.py:124: ResourceWarning: unclosed database in <sqlite3.Connection object at 0x10e1fd6c0>
  def _query(self, actor:Actor, question, history_id=None, *, rid, emit, observe, attempt):
ResourceWarning: Enable tracemalloc to get the object allocation traceback
----------------------------------------------------------------------
Ran 461 tests in 24.257s

OK
{"status": "failed", "checks": {}}
