................................../opt/homebrew/Cellar/python@3.14/3.14.7/Frameworks/Python.framework/Versions/3.14/lib/python3.14/unittest/mock.py:495: ResourceWarning: unclosed database in <sqlite3.Connection object at 0x106ca47c0>
  __dict__['_mock_call_args_list'] = _CallList()
ResourceWarning: Enable tracemalloc to get the object allocation traceback
...................................................................................................................................................................................................................................................{"status": "failed"}
Drive: reused read-only authorization and verified native account.
................................................................................../Users/kyle/Projects/TencentHackthon202609/AI-Bang2/brain/retrieval.py:28: ResourceWarning: unclosed database in <sqlite3.Connection object at 0x1076f58a0>
  return {ALIASES.get(t, t) for t in words if t not in STOP}
ResourceWarning: Enable tracemalloc to get the object allocation traceback
/Users/kyle/Projects/TencentHackthon202609/AI-Bang2/brain/retrieval.py:28: ResourceWarning: unclosed database in <sqlite3.Connection object at 0x1076f5b70>
  return {ALIASES.get(t, t) for t in words if t not in STOP}
ResourceWarning: Enable tracemalloc to get the object allocation traceback
/Users/kyle/Projects/TencentHackthon202609/AI-Bang2/brain/retrieval.py:28: ResourceWarning: unclosed database in <sqlite3.Connection object at 0x1076f56c0>
  return {ALIASES.get(t, t) for t in words if t not in STOP}
ResourceWarning: Enable tracemalloc to get the object allocation traceback
/Users/kyle/Projects/TencentHackthon202609/AI-Bang2/brain/retrieval.py:28: ResourceWarning: unclosed database in <sqlite3.Connection object at 0x1076f57b0>
  return {ALIASES.get(t, t) for t in words if t not in STOP}
ResourceWarning: Enable tracemalloc to get the object allocation traceback
................................................................................
----------------------------------------------------------------------
Ran 439 tests in 23.341s

OK
{"status": "failed", "checks": {}}
