{"group": "core24", "id": "cause", "error": null, "claims": 1, "seconds": 8.16}
{"group": "core24", "id": "withdrawn", "error": null, "claims": 1, "seconds": 4.74}
{"group": "core24", "id": "followup", "error": null, "claims": 1, "seconds": 22.33}
{"group": "core24", "id": "release", "error": null, "claims": 1, "seconds": 5.52}
{"group": "core24", "id": "no_information", "error": null, "claims": 0, "seconds": 0.01}
{"group": "core24", "id": "restricted", "error": null, "claims": 0, "seconds": 0.0}
{"group": "core24", "id": "business_01", "error": null, "claims": 1, "seconds": 5.02}
{"group": "core24", "id": "business_02", "error": null, "claims": 1, "seconds": 2.85}
{"group": "core24", "id": "business_03", "error": null, "claims": 1, "seconds": 10.46}
{"group": "core24", "id": "business_04", "error": null, "claims": 1, "seconds": 2.67}
{"group": "core24", "id": "business_05", "error": null, "claims": 1, "seconds": 3.82}
{"group": "core24", "id": "business_06", "error": null, "claims": 1, "seconds": 9.49}
{"group": "core24", "id": "business_07", "error": null, "claims": 1, "seconds": 3.87}
{"group": "core24", "id": "business_08", "error": null, "claims": 1, "seconds": 2.82}
{"group": "core24", "id": "business_09", "error": null, "claims": 1, "seconds": 2.94}
{"group": "core24", "id": "business_11", "error": null, "claims": 1, "seconds": 3.8}
{"group": "core24", "id": "business_12", "error": null, "claims": 1, "seconds": 5.92}
{"group": "core24", "id": "business_13", "error": null, "claims": 1, "seconds": 6.38}
{"group": "core24", "id": "business_16", "error": null, "claims": 1, "seconds": 5.32}
{"group": "core24", "id": "business_17", "error": null, "claims": 1, "seconds": 8.03}
{"group": "core24", "id": "business_21", "error": null, "claims": 1, "seconds": 2.62}
{"group": "core24", "id": "business_22", "error": null, "claims": 1, "seconds": 3.21}
{"group": "core24", "id": "business_31", "error": null, "claims": 1, "seconds": 10.63}
{"group": "core24", "id": "business_32", "error": null, "claims": 1, "seconds": 7.76}
{"group": "known12", "id": "holdout_01", "error": null, "claims": 2, "seconds": 15.96}
{"group": "known12", "id": "holdout_02", "error": null, "claims": 1, "seconds": 19.47}
{"group": "known12", "id": "holdout_03", "error": null, "claims": 0, "seconds": 1.46}
{"group": "known12", "id": "holdout_04", "error": null, "claims": 0, "seconds": 0.01}
{"group": "known12", "id": "holdout_05", "error": null, "claims": 0, "seconds": 0.01}
{"group": "known12", "id": "holdout_06", "error": null, "claims": 1, "seconds": 16.13}
