................................../opt/homebrew/Cellar/python@3.14/3.14.7/Frameworks/Python.framework/Versions/3.14/lib/python3.14/unittest/mock.py:2259: ResourceWarning: unclosed database in <sqlite3.Connection object at 0x1086ce020>
  def __init__(self, name, parent):
ResourceWarning: Enable tracemalloc to get the object allocation traceback
...................................................................................................................................................................................................................................................{"status": "failed"}
Drive: reused read-only authorization and verified native account.
......................................................................................../opt/homebrew/Cellar/python@3.14/3.14.7/Frameworks/Python.framework/Versions/3.14/lib/python3.14/json/decoder.py:345: ResourceWarning: unclosed database in <sqlite3.Connection object at 0x1101c9990>
  obj, end = self.raw_decode(s, idx=_w(s, 0).end())
ResourceWarning: Enable tracemalloc to get the object allocation traceback
/opt/homebrew/Cellar/python@3.14/3.14.7/Frameworks/Python.framework/Versions/3.14/lib/python3.14/json/decoder.py:345: ResourceWarning: unclosed database in <sqlite3.Connection object at 0x1101ca110>
  obj, end = self.raw_decode(s, idx=_w(s, 0).end())
ResourceWarning: Enable tracemalloc to get the object allocation traceback
/opt/homebrew/Cellar/python@3.14/3.14.7/Frameworks/Python.framework/Versions/3.14/lib/python3.14/json/decoder.py:345: ResourceWarning: unclosed database in <sqlite3.Connection object at 0x1101c94e0>
  obj, end = self.raw_decode(s, idx=_w(s, 0).end())
ResourceWarning: Enable tracemalloc to get the object allocation traceback
/opt/homebrew/Cellar/python@3.14/3.14.7/Frameworks/Python.framework/Versions/3.14/lib/python3.14/json/decoder.py:345: ResourceWarning: unclosed database in <sqlite3.Connection object at 0x1101c8f40>
  obj, end = self.raw_decode(s, idx=_w(s, 0).end())
ResourceWarning: Enable tracemalloc to get the object allocation traceback
........................................................................
----------------------------------------------------------------------
Ran 437 tests in 19.522s

OK
{"status": "failed", "checks": {}}
