................................../opt/homebrew/Cellar/python@3.14/3.14.7/Frameworks/Python.framework/Versions/3.14/lib/python3.14/unittest/mock.py:495: ResourceWarning: unclosed database in <sqlite3.Connection object at 0x10a702020>
  __dict__['_mock_call_args_list'] = _CallList()
ResourceWarning: Enable tracemalloc to get the object allocation traceback
...................................................................................................................................................................................................................................................{"status": "failed"}
Drive: reused read-only authorization and verified native account.
............................................................F.........................../opt/homebrew/Cellar/python@3.14/3.14.7/Frameworks/Python.framework/Versions/3.14/lib/python3.14/json/decoder.py:345: ResourceWarning: unclosed database in <sqlite3.Connection object at 0x1121ca110>
  obj, end = self.raw_decode(s, idx=_w(s, 0).end())
ResourceWarning: Enable tracemalloc to get the object allocation traceback
/opt/homebrew/Cellar/python@3.14/3.14.7/Frameworks/Python.framework/Versions/3.14/lib/python3.14/json/decoder.py:345: ResourceWarning: unclosed database in <sqlite3.Connection object at 0x1121c9b70>
  obj, end = self.raw_decode(s, idx=_w(s, 0).end())
ResourceWarning: Enable tracemalloc to get the object allocation traceback
/opt/homebrew/Cellar/python@3.14/3.14.7/Frameworks/Python.framework/Versions/3.14/lib/python3.14/json/decoder.py:345: ResourceWarning: unclosed database in <sqlite3.Connection object at 0x1121c94e0>
  obj, end = self.raw_decode(s, idx=_w(s, 0).end())
ResourceWarning: Enable tracemalloc to get the object allocation traceback
/opt/homebrew/Cellar/python@3.14/3.14.7/Frameworks/Python.framework/Versions/3.14/lib/python3.14/json/decoder.py:345: ResourceWarning: unclosed database in <sqlite3.Connection object at 0x1121c9f30>
  obj, end = self.raw_decode(s, idx=_w(s, 0).end())
ResourceWarning: Enable tracemalloc to get the object allocation traceback
........................................................................
======================================================================
FAIL: test_progress_bypasses_long_query_lock_and_is_session_private (test_page_failure_ux.ProgressHTTP.test_progress_bypasses_long_query_lock_and_is_session_private)
----------------------------------------------------------------------
Traceback (most recent call last):
  File "/Users/kyle/Projects/TencentHackthon202609/AI-Bang2/tests/test_page_failure_ux.py", line 127, in test_progress_bypasses_long_query_lock_and_is_session_private
    self.assertEqual(self.request('/api/query',{'question':'duplicate'})[0],409)
    ~~~~~~~~~~~~~~~~^^^^^^^^^^^^^^^^^^^^^^^^^^^^^^^^^^^^^^^^^^^^^^^^^^^^^^^^^^^^
AssertionError: 200 != 409

----------------------------------------------------------------------
Ran 437 tests in 26.022s

FAILED (failures=1)
{"status": "failed", "checks": {}}
