/opt/homebrew/Cellar/python@3.14/3.14.7/Frameworks/Python.framework/Versions/3.14/lib/python3.14/unittest/mock.py:806: ResourceWarning: unclosed database in <sqlite3.Connection object at 0x10b2f2020>
  def __setattr__(self, name, value):
ResourceWarning: Enable tracemalloc to get the object allocation traceback
{"status": "failed"}
Drive: reused read-only authorization and verified native account.
/Users/kyle/Projects/TencentHackthon202609/AI-Bang2/brain/store.py:32: ResourceWarning: unclosed database in <sqlite3.Connection object at 0x10bd493f0>
  @staticmethod
ResourceWarning: Enable tracemalloc to get the object allocation traceback
/Users/kyle/Projects/TencentHackthon202609/AI-Bang2/brain/store.py:32: ResourceWarning: unclosed database in <sqlite3.Connection object at 0x10bd496c0>
  @staticmethod
ResourceWarning: Enable tracemalloc to get the object allocation traceback
/Users/kyle/Projects/TencentHackthon202609/AI-Bang2/brain/store.py:32: ResourceWarning: unclosed database in <sqlite3.Connection object at 0x10bd49210>
  @staticmethod
ResourceWarning: Enable tracemalloc to get the object allocation traceback
/Users/kyle/Projects/TencentHackthon202609/AI-Bang2/brain/store.py:32: ResourceWarning: unclosed database in <sqlite3.Connection object at 0x10bd49300>
  @staticmethod
ResourceWarning: Enable tracemalloc to get the object allocation traceback
----------------------------------------------------------------------
Ran 456 tests in 24.180s

OK
{"status": "failed", "checks": {}}
