/opt/homebrew/Cellar/python@3.14/3.14.7/Frameworks/Python.framework/Versions/3.14/lib/python3.14/unittest/mock.py:461: ResourceWarning: unclosed database in <sqlite3.Connection object at 0x106afde40>
  instance = _safe_super(NonCallableMock, cls).__new__(new)
ResourceWarning: Enable tracemalloc to get the object allocation traceback
{"status": "failed"}
Drive: reused read-only authorization and verified native account.
/Users/kyle/Projects/TencentHackthon202609/AI-Bang2/brain/engine.py:123: ResourceWarning: unclosed database in <sqlite3.Connection object at 0x1075795d0>
  def _query(self, actor:Actor, question, history_id=None, *, rid, emit, observe, attempt):
ResourceWarning: Enable tracemalloc to get the object allocation traceback
/Users/kyle/Projects/TencentHackthon202609/AI-Bang2/brain/engine.py:123: ResourceWarning: unclosed database in <sqlite3.Connection object at 0x107579300>
  def _query(self, actor:Actor, question, history_id=None, *, rid, emit, observe, attempt):
ResourceWarning: Enable tracemalloc to get the object allocation traceback
/Users/kyle/Projects/TencentHackthon202609/AI-Bang2/brain/engine.py:123: ResourceWarning: unclosed database in <sqlite3.Connection object at 0x107578c70>
  def _query(self, actor:Actor, question, history_id=None, *, rid, emit, observe, attempt):
ResourceWarning: Enable tracemalloc to get the object allocation traceback
/Users/kyle/Projects/TencentHackthon202609/AI-Bang2/brain/engine.py:123: ResourceWarning: unclosed database in <sqlite3.Connection object at 0x107578f40>
  def _query(self, actor:Actor, question, history_id=None, *, rid, emit, observe, attempt):
ResourceWarning: Enable tracemalloc to get the object allocation traceback
======================================================================
FAIL: test_current_seed_denial_cannot_expand_its_links (test_business_link_cutoff.LinkCandidateCutoff.test_current_seed_denial_cannot_expand_its_links)
----------------------------------------------------------------------
Traceback (most recent call last):
  File "/Users/kyle/Projects/TencentHackthon202609/AI-Bang2/tests/test_business_link_cutoff.py", line 33, in test_current_seed_denial_cannot_expand_its_links
    self.assertNotIn('J-03',{e['resource_id'] for e in answer['evidence']})
    ~~~~~~~~~~~~~~~~^^^^^^^^^^^^^^^^^^^^^^^^^^^^^^^^^^^^^^^^^^^^^^^^^^^^^^^
AssertionError: 'J-03' unexpectedly found in {'D-02', 'S-01', 'C-01', 'S-02', 'C-02', 'J-01', 'J-03', 'S-03', 'D-03'}

----------------------------------------------------------------------
Ran 456 tests in 25.012s

FAILED (failures=1)
{"status": "failed", "checks": {}}
