................................../opt/homebrew/Cellar/python@3.14/3.14.7/Frameworks/Python.framework/Versions/3.14/lib/python3.14/unittest/mock.py:495: ResourceWarning: unclosed database in <sqlite3.Connection object at 0x10adc47c0>
  __dict__['_mock_call_args_list'] = _CallList()
ResourceWarning: Enable tracemalloc to get the object allocation traceback
...................................................................................................................................................................................................................................................{"status": "failed"}
Drive: reused read-only authorization and verified native account.
.................................................................................../Users/kyle/Projects/TencentHackthon202609/AI-Bang2/brain/engine.py:124: ResourceWarning: unclosed database in <sqlite3.Connection object at 0x1128ddb70>
  def _query(self, actor:Actor, question, history_id=None, *, rid, emit, observe, attempt):
ResourceWarning: Enable tracemalloc to get the object allocation traceback
/Users/kyle/Projects/TencentHackthon202609/AI-Bang2/brain/engine.py:124: ResourceWarning: unclosed database in <sqlite3.Connection object at 0x1128dd8a0>
  def _query(self, actor:Actor, question, history_id=None, *, rid, emit, observe, attempt):
ResourceWarning: Enable tracemalloc to get the object allocation traceback
/Users/kyle/Projects/TencentHackthon202609/AI-Bang2/brain/engine.py:124: ResourceWarning: unclosed database in <sqlite3.Connection object at 0x1128dd6c0>
  def _query(self, actor:Actor, question, history_id=None, *, rid, emit, observe, attempt):
ResourceWarning: Enable tracemalloc to get the object allocation traceback
/Users/kyle/Projects/TencentHackthon202609/AI-Bang2/brain/engine.py:124: ResourceWarning: unclosed database in <sqlite3.Connection object at 0x1128dd5d0>
  def _query(self, actor:Actor, question, history_id=None, *, rid, emit, observe, attempt):
ResourceWarning: Enable tracemalloc to get the object allocation traceback
................................................................................
----------------------------------------------------------------------
Ran 440 tests in 23.429s

OK
{"status": "failed", "checks": {}}
