................................../opt/homebrew/Cellar/python@3.14/3.14.7/Frameworks/Python.framework/Versions/3.14/lib/python3.14/unittest/mock.py:498: ResourceWarning: unclosed database in <sqlite3.Connection object at 0x10b2a07c0>
  __dict__['method_calls'] = _CallList()
ResourceWarning: Enable tracemalloc to get the object allocation traceback
...................................................................................................................................................................................................................................................{"status": "failed"}
Drive: reused read-only authorization and verified native account.
.................................................................................../Users/kyle/Projects/TencentHackthon202609/AI-Bang2/brain/engine.py:124: ResourceWarning: unclosed database in <sqlite3.Connection object at 0x10bd0db70>
  def _query(self, actor:Actor, question, history_id=None, *, rid, emit, observe, attempt):
ResourceWarning: Enable tracemalloc to get the object allocation traceback
/Users/kyle/Projects/TencentHackthon202609/AI-Bang2/brain/engine.py:124: ResourceWarning: unclosed database in <sqlite3.Connection object at 0x10bd0d8a0>
  def _query(self, actor:Actor, question, history_id=None, *, rid, emit, observe, attempt):
ResourceWarning: Enable tracemalloc to get the object allocation traceback
/Users/kyle/Projects/TencentHackthon202609/AI-Bang2/brain/engine.py:124: ResourceWarning: unclosed database in <sqlite3.Connection object at 0x10bd0d210>
  def _query(self, actor:Actor, question, history_id=None, *, rid, emit, observe, attempt):
ResourceWarning: Enable tracemalloc to get the object allocation traceback
/Users/kyle/Projects/TencentHackthon202609/AI-Bang2/brain/engine.py:124: ResourceWarning: unclosed database in <sqlite3.Connection object at 0x10bd0d7b0>
  def _query(self, actor:Actor, question, history_id=None, *, rid, emit, observe, attempt):
ResourceWarning: Enable tracemalloc to get the object allocation traceback
................................................................................
----------------------------------------------------------------------
Ran 440 tests in 22.866s

OK
{"status": "failed", "checks": {}}
