{"group": "core24", "id": "cause", "error": null, "claims": 1, "seconds": 4.9}
{"group": "core24", "id": "withdrawn", "error": null, "claims": 1, "seconds": 3.02}
{"group": "core24", "id": "followup", "error": null, "claims": 1, "seconds": 11.63}
{"group": "core24", "id": "release", "error": null, "claims": 1, "seconds": 7.23}
{"group": "core24", "id": "no_information", "error": null, "claims": 0, "seconds": 0.01}
{"group": "core24", "id": "restricted", "error": null, "claims": 0, "seconds": 0.0}
{"group": "core24", "id": "business_01", "error": null, "claims": 1, "seconds": 3.71}
{"group": "core24", "id": "business_02", "error": null, "claims": 1, "seconds": 2.33}
{"group": "core24", "id": "business_03", "error": null, "claims": 1, "seconds": 15.04}
{"group": "core24", "id": "business_04", "error": null, "claims": 1, "seconds": 3.47}
{"group": "core24", "id": "business_05", "error": null, "claims": 1, "seconds": 3.44}
{"group": "core24", "id": "business_06", "error": null, "claims": 1, "seconds": 9.43}
{"group": "core24", "id": "business_07", "error": null, "claims": 1, "seconds": 4.39}
{"group": "core24", "id": "business_08", "error": null, "claims": 1, "seconds": 4.26}
{"group": "core24", "id": "business_09", "error": null, "claims": 1, "seconds": 3.78}
{"group": "core24", "id": "business_11", "error": null, "claims": 1, "seconds": 3.84}
{"group": "core24", "id": "business_12", "error": null, "claims": 1, "seconds": 3.78}
{"group": "core24", "id": "business_13", "error": null, "claims": 1, "seconds": 5.3}
{"group": "core24", "id": "business_16", "error": null, "claims": 1, "seconds": 4.51}
{"group": "core24", "id": "business_17", "error": null, "claims": 1, "seconds": 4.82}
{"group": "core24", "id": "business_21", "error": null, "claims": 1, "seconds": 3.3}
{"group": "core24", "id": "business_22", "error": null, "claims": 1, "seconds": 4.28}
{"group": "core24", "id": "business_31", "error": "ModelOutputRejected", "claims": 0, "seconds": 15.94}
{"group": "core24", "id": "business_32", "error": null, "claims": 1, "seconds": 14.31}
{"group": "known12", "id": "holdout_01", "error": null, "claims": 2, "seconds": 22.73}
{"group": "known12", "id": "holdout_02", "error": "ModelOutputRejected", "claims": 0, "seconds": 20.66}
{"group": "known12", "id": "holdout_03", "error": null, "claims": 0, "seconds": 1.93}
{"group": "known12", "id": "holdout_04", "error": null, "claims": 0, "seconds": 0.01}
{"group": "known12", "id": "holdout_05", "error": null, "claims": 0, "seconds": 0.01}
{"group": "known12", "id": "holdout_06", "error": null, "claims": 1, "seconds": 8.2}
{"group": "known12", "id": "holdout_07", "error": null, "claims": 0, "seconds": 2.09}
{"group": "known12", "id": "holdout_08", "error": null, "claims": 0, "seconds": 6.43}
{"group": "known12", "id": "holdout_09", "error": null, "claims": 0, "seconds": 2.14}
{"group": "known12", "id": "holdout_10", "error": null, "claims": 0, "seconds": 3.67}
{"group": "known12", "id": "holdout_11", "error": null, "claims": 0, "seconds": 2.98}
{"group": "known12", "id": "holdout_12", "error": "SourceUnavailable", "claims": 0, "seconds": 0.02}
