test_price_guard_and_budget_failure_have_prepared_input_but_no_send (test_model_stages.ModelStages.test_price_guard_and_budget_failure_have_prepared_input_but_no_send) ... ok
test_review_failure_keeps_both_usage_receipts_but_never_returns_answer (test_model_stages.ModelStages.test_review_failure_keeps_both_usage_receipts_but_never_returns_answer) ... FAIL
test_success_has_ordered_intent_attempt_usage_output_and_answer (test_model_stages.ModelStages.test_success_has_ordered_intent_attempt_usage_output_and_answer) ... ok
test_timeout_is_attempted_unknown_not_no_send_or_valid_receipt (test_model_stages.ModelStages.test_timeout_is_attempted_unknown_not_no_send_or_valid_receipt) ... ok

======================================================================
FAIL: test_review_failure_keeps_both_usage_receipts_but_never_returns_answer (test_model_stages.ModelStages.test_review_failure_keeps_both_usage_receipts_but_never_returns_answer)
----------------------------------------------------------------------
Traceback (most recent call last):
  File "/Users/kyle/Projects/TencentHackthon202609/AI-Bang2/tests/test_model_stages.py", line 109, in test_review_failure_keeps_both_usage_receipts_but_never_returns_answer
    self.assertEqual([r['outcome'] for r in result['receipts']],['accepted','output_rejected'])
    ~~~~~~~~~~~~~~~~^^^^^^^^^^^^^^^^^^^^^^^^^^^^^^^^^^^^^^^^^^^^^^^^^^^^^^^^^^^^^^^^^^^^^^^^^^^
AssertionError: Lists differ: ['output_rejected', 'accepted'] != ['accepted', 'output_rejected']

First differing element 0:
'output_rejected'
'accepted'

- ['output_rejected', 'accepted']
+ ['accepted', 'output_rejected']

----------------------------------------------------------------------
Ran 4 tests in 0.025s

FAILED (failures=1)
