test_approved_atlassian_banner_reaches_model_without_rewriting_evidence (test_deepseek.DeepSeekBoundary.test_approved_atlassian_banner_reaches_model_without_rewriting_evidence) ... ok
test_budget_exhaustion_prevents_network (test_deepseek.DeepSeekBoundary.test_budget_exhaustion_prevents_network) ... ok
test_budgeted_fixed_endpoint_selection_derives_text_from_evidence (test_deepseek.DeepSeekBoundary.test_budgeted_fixed_endpoint_selection_derives_text_from_evidence) ... ok
test_cross_midnight_request_blocked_before_budget_or_network (test_deepseek.DeepSeekBoundary.test_cross_midnight_request_blocked_before_budget_or_network) ... ok
test_engine_denied_evidence_never_reaches_provider (test_deepseek.DeepSeekBoundary.test_engine_denied_evidence_never_reaches_provider) ... ok
test_engine_live_selection_still_enforces_actor_acl_and_post_generation_revocation (test_deepseek.DeepSeekBoundary.test_engine_live_selection_still_enforces_actor_acl_and_post_generation_revocation) ... ok
test_expired_startup_stops_before_listener_credentials_and_source_calls (test_deepseek.DeepSeekBoundary.test_expired_startup_stops_before_listener_credentials_and_source_calls) ... ok
test_legacy_banner_missing_fixture_wrong_source_or_title_only_never_sent (test_deepseek.DeepSeekBoundary.test_legacy_banner_missing_fixture_wrong_source_or_title_only_never_sent) ... ok
test_no_evidence_or_unmarked_content_never_sent (test_deepseek.DeepSeekBoundary.test_no_evidence_or_unmarked_content_never_sent) ... ok
test_operator_http_model_selection_and_same_session_revoke (test_deepseek.DeepSeekBoundary.test_operator_http_model_selection_and_same_session_revoke) ... ok
test_operator_price_guard_precedes_credentials_and_no_live_is_no_send (test_deepseek.DeepSeekBoundary.test_operator_price_guard_precedes_credentials_and_no_live_is_no_send) ... ok
test_price_date_and_approval_guard (test_deepseek.DeepSeekBoundary.test_price_date_and_approval_guard) ... ok
test_reviewed_restart_keeps_existing_budget_and_allows_mock_request (test_deepseek.DeepSeekBoundary.test_reviewed_restart_keeps_existing_budget_and_allows_mock_request) ... ok
test_timeout_keeps_reservation_across_restart_and_hides_error (test_deepseek.DeepSeekBoundary.test_timeout_keeps_reservation_across_restart_and_hides_error) ... ok
test_truncated_tool_or_wrong_model_output_is_not_an_answer (test_deepseek.DeepSeekBoundary.test_truncated_tool_or_wrong_model_output_is_not_an_answer) ... ok
test_unknown_duplicate_forged_or_free_form_output_rejected_but_usage_charged (test_deepseek.DeepSeekBoundary.test_unknown_duplicate_forged_or_free_form_output_rejected_but_usage_charged) ... ok
test_unknown_usage_retains_full_reservation (test_deepseek.DeepSeekBoundary.test_unknown_usage_retains_full_reservation) ... ok
test_web_worker_thread_can_use_durable_budget (test_deepseek.DeepSeekBoundary.test_web_worker_thread_can_use_durable_budget) ... ok

----------------------------------------------------------------------
Ran 18 tests in 0.598s

OK
