cause answer
withdrawn answer
followup answer
release answer
no_information answer
restricted answer
business_01 answer
business_02 answer
business_03 answer
business_04 answer
business_05 answer
business_06 answer
business_07 answer
business_08 answer
business_09 answer
business_11 answer
business_12 answer
business_13 answer
business_16 answer
business_17 answer
business_21 answer
business_22 answer
business_31 answer
business_32 answer
{"objects": 48, "strategy": "bm25", "questions": 24, "diagnostic_failures": ["withdrawn", "release", "business_01", "business_02", "business_03", "business_04", "business_05", "business_07", "business_08", "business_09", "business_11", "business_12", "business_16", "business_17", "business_22", "business_31", "business_32"], "parser_cell_boundaries": true}
