test_bounded_object_backlog_rotates_and_never_claims_complete (test_container_discovery.DiscoveryBoundary.test_bounded_object_backlog_rotates_and_never_claims_complete) ... ok
test_cli_opt_in_invalid_identity_or_single_source_before_credentials (test_container_discovery.DiscoveryBoundary.test_cli_opt_in_invalid_identity_or_single_source_before_credentials) ... ok
test_default_fixed_ids_then_four_source_discovery_becomes_answerable (test_container_discovery.DiscoveryBoundary.test_default_fixed_ids_then_four_source_discovery_becomes_answerable) ... ok
test_drive_incomplete_and_cross_parent_never_publish_or_advance_checkpoint (test_container_discovery.DiscoveryBoundary.test_drive_incomplete_and_cross_parent_never_publish_or_advance_checkpoint) ... ok
test_jira_project_substitution_and_comment_scope_never_discovered (test_container_discovery.DiscoveryBoundary.test_jira_project_substitution_and_comment_scope_never_discovered) ... ok
test_numeric_retry_after_retained_without_reading_error_body (test_container_discovery.DiscoveryBoundary.test_numeric_retry_after_retained_without_reading_error_body) ... ok
test_page_cap_cursor_loop_and_audit_failure_cannot_advance_checkpoint (test_container_discovery.DiscoveryBoundary.test_page_cap_cursor_loop_and_audit_failure_cannot_advance_checkpoint) ... ok
test_pagination_uses_fixed_endpoint_and_rejects_external_or_changed_container_next (test_container_discovery.DiscoveryBoundary.test_pagination_uses_fixed_endpoint_and_rejects_external_or_changed_container_next) ... ok
test_poller_lifecycle_stops_before_store_close_and_keeps_queries_serial (test_container_discovery.DiscoveryBoundary.test_poller_lifecycle_stops_before_store_close_and_keeps_queries_serial) ... ok
test_product_ops_cannot_inherit_discovery_even_with_native_read_token (test_container_discovery.DiscoveryBoundary.test_product_ops_cannot_inherit_discovery_even_with_native_read_token) ... ok
test_rate_limit_backoff_restart_and_checkpoint_do_not_skip_failures (test_container_discovery.DiscoveryBoundary.test_rate_limit_backoff_restart_and_checkpoint_do_not_skip_failures) ... ok
test_slack_thread_requires_current_synthetic_parent_and_exact_reply_reads (test_container_discovery.DiscoveryBoundary.test_slack_thread_requires_current_synthetic_parent_and_exact_reply_reads) ... ok
test_title_marker_is_not_synthetic_provenance_and_non_candidates_no_body (test_container_discovery.DiscoveryBoundary.test_title_marker_is_not_synthetic_provenance_and_non_candidates_no_body) ... ok
test_unknown_exact_read_disables_known_resource_without_overwriting_old_version (test_container_discovery.DiscoveryBoundary.test_unknown_exact_read_disables_known_resource_without_overwriting_old_version) ... ok
test_updates_deletes_and_old_history_without_rebuilding_other_sources (test_container_discovery.DiscoveryBoundary.test_updates_deletes_and_old_history_without_rebuilding_other_sources) ... ok
test_version_collision_rolls_back_catalog_and_publication (test_container_discovery.DiscoveryBoundary.test_version_collision_rolls_back_catalog_and_publication) ... ok
test_wrong_container_identity_channel_and_scope_fail_closed (test_container_discovery.DiscoveryBoundary.test_wrong_container_identity_channel_and_scope_fail_closed) ... ok

----------------------------------------------------------------------
Ran 17 tests in 0.059s

OK
