test_changed_original_at_review_rejected_even_if_local_version_unchanged (test_synthetic_provenance.WindowProvenance.test_changed_original_at_review_rejected_even_if_local_version_unchanged) ... ERROR
test_engine_synthesis_checks_draft_review_preview_and_current_access (test_synthetic_provenance.WindowProvenance.test_engine_synthesis_checks_draft_review_preview_and_current_access) ... ERROR
test_exact_late_window_allowed_without_invented_banner (test_synthetic_provenance.WindowProvenance.test_exact_late_window_allowed_without_invented_banner) ... ERROR
test_self_reported_synthetic_and_marker_in_slice_cannot_grant_window_approval (test_synthetic_provenance.WindowProvenance.test_self_reported_synthetic_and_marker_in_slice_cannot_grant_window_approval) ... ERROR
test_unapproved_version_text_source_locator_and_window_rejected_before_reserve (test_synthetic_provenance.WindowProvenance.test_unapproved_version_text_source_locator_and_window_rejected_before_reserve) ... ERROR

======================================================================
ERROR: test_changed_original_at_review_rejected_even_if_local_version_unchanged (test_synthetic_provenance.WindowProvenance.test_changed_original_at_review_rejected_even_if_local_version_unchanged)
----------------------------------------------------------------------
Traceback (most recent call last):
  File "/Users/kyle/Projects/TencentHackthon202609/AI-Bang2/tests/test_synthetic_provenance.py", line 28, in setUp
    self.resource['source_updated_at'], self.resource['indexed_at'], self.resource['source_url'])
                                        ~~~~~~~~~~~~~^^^^^^^^^^^^^^
KeyError: 'indexed_at'

======================================================================
ERROR: test_engine_synthesis_checks_draft_review_preview_and_current_access (test_synthetic_provenance.WindowProvenance.test_engine_synthesis_checks_draft_review_preview_and_current_access)
----------------------------------------------------------------------
Traceback (most recent call last):
  File "/Users/kyle/Projects/TencentHackthon202609/AI-Bang2/tests/test_synthetic_provenance.py", line 28, in setUp
    self.resource['source_updated_at'], self.resource['indexed_at'], self.resource['source_url'])
                                        ~~~~~~~~~~~~~^^^^^^^^^^^^^^
KeyError: 'indexed_at'

======================================================================
ERROR: test_exact_late_window_allowed_without_invented_banner (test_synthetic_provenance.WindowProvenance.test_exact_late_window_allowed_without_invented_banner)
----------------------------------------------------------------------
Traceback (most recent call last):
  File "/Users/kyle/Projects/TencentHackthon202609/AI-Bang2/tests/test_synthetic_provenance.py", line 28, in setUp
    self.resource['source_updated_at'], self.resource['indexed_at'], self.resource['source_url'])
                                        ~~~~~~~~~~~~~^^^^^^^^^^^^^^
KeyError: 'indexed_at'

======================================================================
ERROR: test_self_reported_synthetic_and_marker_in_slice_cannot_grant_window_approval (test_synthetic_provenance.WindowProvenance.test_self_reported_synthetic_and_marker_in_slice_cannot_grant_window_approval)
----------------------------------------------------------------------
Traceback (most recent call last):
  File "/Users/kyle/Projects/TencentHackthon202609/AI-Bang2/tests/test_synthetic_provenance.py", line 28, in setUp
    self.resource['source_updated_at'], self.resource['indexed_at'], self.resource['source_url'])
                                        ~~~~~~~~~~~~~^^^^^^^^^^^^^^
KeyError: 'indexed_at'

======================================================================
ERROR: test_unapproved_version_text_source_locator_and_window_rejected_before_reserve (test_synthetic_provenance.WindowProvenance.test_unapproved_version_text_source_locator_and_window_rejected_before_reserve)
----------------------------------------------------------------------
Traceback (most recent call last):
  File "/Users/kyle/Projects/TencentHackthon202609/AI-Bang2/tests/test_synthetic_provenance.py", line 28, in setUp
    self.resource['source_updated_at'], self.resource['indexed_at'], self.resource['source_url'])
                                        ~~~~~~~~~~~~~^^^^^^^^^^^^^^
KeyError: 'indexed_at'

----------------------------------------------------------------------
Ran 5 tests in 0.002s

FAILED (errors=5)
